Тест выполнен успешно